TopN_Summary Sheet:
============================================================
  หมายเลขออเดอร์ภายใน  COUNT_ORDER_LEVEL  COUNT_ITEM_LEVEL  UNIQUE_VALUES  NULL_VALUES
0              ORD003                  3                 3             10            0
1              ORD001                  3                 3              8            0
2              ORD002                  3                 3              6            0
3              ORD004                  6                 0              0            0


OrderLevel Sheet:
============================================================
                column
0             Customer
1            OrderDate
2  หมายเลขออเดอร์ภายใน


ItemLevel Sheet:
============================================================
      column
0      Price
1  ProductID
2   Quantity